python : 23:40:44  INFO      Exact contact 
match: akash
At line:1 char:1
+ python test_all.py > test_output.txt 2>&1; 
type test_output.txt
+ ~~~~~~~~~~~~~~~~~~~~~~~~~~~~~~~~~~~~~~~~~
    + CategoryInfo          : NotSpecified: (23 
   :40:44  INFO ...ct match: akash:String) [],  
   RemoteException
    + FullyQualifiedErrorId : NativeCommandErro 
   r
 
23:40:44  WARNING   Contact not found: Aakash
23:40:44  INFO      Chrome found at: C:\Program 
Files\Google\Chrome\Application\chrome.exe
23:40:44  INFO      Calibrating microphone for 
ambient noise...
23:40:46  INFO      Microphone calibrated.
23:40:46  INFO      AIRouter initialized. Groq 
available: True

=================================================================
  AURA DIAGNOSTIC REPORT
=================================================================
Traceback (most recent call last):
  File "C:\Users\ASUS\Downloads\aura2_base_proje
ct\AI-Personal-Assistant-AURA-\voice_ai_assistan
t\test_all.py", line 255, in <module>
    print(f"{status}")
  File "C:\Users\ASUS\AppData\Local\Programs\Pyt
hon\Python312\Lib\encodings\cp1252.py", line 
19, in encode
    return codecs.charmap_encode(input,self.erro
rs,encoding_table)[0]
           ^^^^^^^^^^^^^^^^^^^^^^^^^^^^^^^^^^^^^
^^^^^^^^^^^^^^^^^^
UnicodeEncodeError: 'charmap' codec can't 
encode character '\u2705' in position 0: 
character maps to <undefined>
